main.c:110:5:__io_putchar	24	static
main.c:121:5:__io_getchar	16	static
main.c:149:5:main	128	static
main.c:364:6:SystemClock_Config	216	static
main.c:432:13:MX_ADC1_Init	24	static
main.c:482:13:MX_ADC2_Init	24	static
main.c:532:13:MX_ADC3_Init	24	static
main.c:582:13:MX_I2C1_Init	8	static
main.c:628:13:MX_TIM1_Init	112	static
main.c:718:13:MX_TIM2_Init	72	static
main.c:792:13:MX_TIM3_Init	72	static
main.c:866:13:MX_TIM4_Init	72	static
main.c:940:13:MX_TIM8_Init	40	static
main.c:987:13:MX_TIM12_Init	64	static
main.c:1054:13:MX_UART4_Init	8	static
main.c:1089:13:MX_UART5_Init	8	static
main.c:1125:13:MX_UART7_Init	8	static
main.c:1160:13:MX_UART8_Init	8	static
main.c:1195:13:MX_USART1_UART_Init	8	static
main.c:1230:13:MX_USART2_UART_Init	8	static
main.c:1265:13:MX_USART3_UART_Init	8	static
main.c:1298:13:MX_DMA_Init	16	static
main.c:1328:13:MX_GPIO_Init	64	static
main.c:1437:6:Error_Handler	4	static,ignoring_inline_asm
