main.c:96:5:__io_putchar	24	static
main.c:107:5:__io_getchar	16	static
main.c:135:5:main	8	static
main.c:208:6:SystemClock_Config	216	static
main.c:276:13:MX_ADC1_Init	24	static
main.c:326:13:MX_ADC2_Init	24	static
main.c:376:13:MX_ADC3_Init	24	static
main.c:426:13:MX_I2C1_Init	8	static
main.c:472:13:MX_TIM1_Init	112	static
main.c:562:13:MX_TIM2_Init	72	static
main.c:636:13:MX_TIM3_Init	72	static
main.c:710:13:MX_TIM4_Init	72	static
main.c:784:13:MX_TIM8_Init	40	static
main.c:831:13:MX_TIM12_Init	64	static
main.c:898:13:MX_UART4_Init	8	static
main.c:933:13:MX_UART5_Init	8	static
main.c:968:13:MX_UART7_Init	8	static
main.c:1003:13:MX_UART8_Init	8	static
main.c:1038:13:MX_USART1_UART_Init	8	static
main.c:1073:13:MX_USART2_UART_Init	8	static
main.c:1108:13:MX_USART3_UART_Init	8	static
main.c:1143:13:MX_GPIO_Init	64	static
main.c:1252:6:Error_Handler	4	static,ignoring_inline_asm
