radio_commandes.c:45:6:HAL_TIM_IC_CaptureCallback	16	static
radio_commandes.c:94:5:radio_dir_get	16	static
radio_commandes.c:111:5:radio_throttle_get	16	static
radio_commandes.c:126:5:radio_isThereCommand	24	static
radio_commandes.c:144:5:vehicule_speed_get	16	static
radio_commandes.c:160:5:vehicule_speed_aimant_get	24	static
radio_commandes.c:169:5:vehicule_distance_aimant_get	16	static
radio_commandes.c:178:5:vehicule_distance_aimant_reset	4	static
radio_commandes.c:186:5:vehicule_dir_set	16	static
radio_commandes.c:200:5:vehicule_throttle_set	16	static
radio_commandes.c:211:6:init_radio_commandes	8	static
