radio_commandes.c:44:6:HAL_TIM_IC_CaptureCallback	16	static
radio_commandes.c:93:5:radio_dir_get	16	static
radio_commandes.c:113:5:radio_throttle_get	16	static
radio_commandes.c:131:5:radio_isThereCommand	24	static
radio_commandes.c:149:5:vehicule_speed_get	16	static
radio_commandes.c:165:5:vehicule_speed_aimant_get	24	static
radio_commandes.c:174:5:vehicule_distance_aimant_get	16	static
radio_commandes.c:183:5:vehicule_distance_aimant_reset	4	static
radio_commandes.c:191:5:vehicule_dir_set	16	static
radio_commandes.c:205:5:vehicule_throttle_set	16	static
radio_commandes.c:216:6:init_radio_commandes	8	static
