stm32f7xx_it.c:86:6:NMI_Handler	4	static
stm32f7xx_it.c:101:6:HardFault_Handler	4	static
stm32f7xx_it.c:116:6:MemManage_Handler	4	static
stm32f7xx_it.c:131:6:BusFault_Handler	4	static
stm32f7xx_it.c:146:6:UsageFault_Handler	4	static
stm32f7xx_it.c:161:6:SVC_Handler	4	static
stm32f7xx_it.c:174:6:DebugMon_Handler	4	static
stm32f7xx_it.c:187:6:PendSV_Handler	4	static
stm32f7xx_it.c:200:6:SysTick_Handler	8	static
stm32f7xx_it.c:232:6:DMA1_Stream0_IRQHandler	8	static
stm32f7xx_it.c:246:6:DMA1_Stream1_IRQHandler	8	static
stm32f7xx_it.c:260:6:DMA1_Stream2_IRQHandler	8	static
stm32f7xx_it.c:274:6:DMA1_Stream3_IRQHandler	8	static
stm32f7xx_it.c:288:6:DMA1_Stream6_IRQHandler	8	static
stm32f7xx_it.c:302:6:TIM2_IRQHandler	8	static
stm32f7xx_it.c:316:6:TIM3_IRQHandler	8	static
stm32f7xx_it.c:330:6:TIM4_IRQHandler	8	static
stm32f7xx_it.c:344:6:TIM8_BRK_TIM12_IRQHandler	8	static
stm32f7xx_it.c:359:6:UART4_IRQHandler	8	static
stm32f7xx_it.c:373:6:UART5_IRQHandler	8	static
stm32f7xx_it.c:387:6:UART7_IRQHandler	8	static
stm32f7xx_it.c:401:6:UART8_IRQHandler	8	static
