stm32f7xx_it.c:85:6:NMI_Handler	4	static
stm32f7xx_it.c:100:6:HardFault_Handler	4	static
stm32f7xx_it.c:115:6:MemManage_Handler	4	static
stm32f7xx_it.c:130:6:BusFault_Handler	4	static
stm32f7xx_it.c:145:6:UsageFault_Handler	4	static
stm32f7xx_it.c:160:6:SVC_Handler	4	static
stm32f7xx_it.c:173:6:DebugMon_Handler	4	static
stm32f7xx_it.c:186:6:PendSV_Handler	4	static
stm32f7xx_it.c:199:6:SysTick_Handler	8	static
stm32f7xx_it.c:231:6:DMA1_Stream0_IRQHandler	8	static
stm32f7xx_it.c:245:6:DMA1_Stream2_IRQHandler	8	static
stm32f7xx_it.c:259:6:DMA1_Stream3_IRQHandler	8	static
stm32f7xx_it.c:273:6:DMA1_Stream6_IRQHandler	8	static
stm32f7xx_it.c:287:6:TIM2_IRQHandler	8	static
stm32f7xx_it.c:301:6:TIM3_IRQHandler	8	static
stm32f7xx_it.c:315:6:TIM4_IRQHandler	8	static
stm32f7xx_it.c:329:6:TIM8_BRK_TIM12_IRQHandler	8	static
stm32f7xx_it.c:344:6:UART4_IRQHandler	8	static
stm32f7xx_it.c:358:6:UART5_IRQHandler	8	static
stm32f7xx_it.c:372:6:UART7_IRQHandler	8	static
stm32f7xx_it.c:386:6:UART8_IRQHandler	8	static
